#!/usr/bin/python3
>>> say_my_name = __import__('3-say_my_name').say_my_name

Strings
-------
>>> say_my_name("Frank", "Zappa")
My name is Frank Zappa

>>> say_my_name("Frank")
My name is Frank

>>> say_my_name("Jimi", "")
My name is Jimi

>>> say_my_name("PAIN" * 1000, "TEARS" * 1000)
My name is PAINPAINPAINPAINPAIN... [cut] ...TEARSTEARSTEARSTEARSTEARS

Special Characters
------------------
>>> say_my_name("Victor", "O'brian")
My name is Victor O'brian

>>> say_my_name("毛", "泽东")
My name is 毛 泽东

>>> say_my_name("صلاح الدين الأيوبي")
My name is صلاح الدين الأيوبي

Type Errors
-----------
>>> say_my_name(123, "Smith")
Traceback (most recent call last):
    ...
TypeError: first_name must be a string

>>> say_my_name("John", None)
Traceback (most recent call last):
    ...
TypeError: last_name must be a string

>>> say_my_name(["John"], "Doe")
Traceback (most recent call last):
    ...
TypeError: first_name must be a string

Value Errors
------------
>>> say_my_name("   ", "Macron")
Traceback (most recent call last):
    ...
ValueError: first_name cannot be whitespaces

>>> say_my_name("")
Traceback (most recent call last):
    ...
ValueError: first_name cannot be empty

Missing Arguments
-----------------
>>> say_my_name()
Traceback (most recent call last):
    ...
TypeError: say_my_name() missing 1 required positional argument: 'first_name'

Surplus Arguments
-----------------
>>> say_my_name("John", "Doe", "Extra")
Traceback (most recent call last):
    ...
TypeError: say_my_name() takes from 1 to 2 positional arguments but 3 were given

Syntax Errors
-------------
>>> say_my_name("""","""")
File "<python-input-3>", line 1
    ...
SyntaxError: unterminated string literal (detected at line 1)
